node.exe : [baseline-browser-mapping] The data in this module is over two months old.  To ensure accurate Baseline 
data, please update: `npm i baseline-browser-mapping@latest -D`
At line:1 char:1
+ & "C:\Program Files\nodejs/node.exe" "C:\Users\amitm\AppData\Roaming\ ...
+ ~~~~~~~~~~~~~~~~~~~~~~~~~~~~~~~~~~~~~~~~~~~~~~~~~~~~~~~~~~~~~~~~~~~~~
    + CategoryInfo          : NotSpecified: ([baseline-brows...ping@latest -D`:String) [], RemoteException
    + FullyQualifiedErrorId : NativeCommandError
 
Browserslist: browsers data (caniuse-lite) is 8 months old. Please run:
  npx update-browserslist-db@latest
  Why you should do it regularly: https://github.com/browserslist/update-db#readme
[1m[33m[plugin:vite:reporter][39m[22m [33m[plugin vite:reporter] 
(!) D:/SikhStreet_UI/sikhSTREET_UI/frontend/src/modules/Vendor/store/vendorProductStore.js is dynamically imported by 
D:/SikhStreet_UI/sikhSTREET_UI/frontend/src/modules/Vendor/store/vendorAuthStore.js but also statically imported by 
D:/SikhStreet_UI/sikhSTREET_UI/frontend/src/modules/Vendor/pages/Dashboard.jsx, 
D:/SikhStreet_UI/sikhSTREET_UI/frontend/src/modules/Vendor/pages/ProductReviews.jsx, 
D:/SikhStreet_UI/sikhSTREET_UI/frontend/src/modules/Vendor/pages/StockManagement.jsx, 
D:/SikhStreet_UI/sikhSTREET_UI/frontend/src/modules/Vendor/pages/products/ArtListingWizard.jsx, 
D:/SikhStreet_UI/sikhSTREET_UI/frontend/src/modules/Vendor/pages/products/DynamicProductWizard.jsx, 
D:/SikhStreet_UI/sikhSTREET_UI/frontend/src/modules/Vendor/pages/products/ManageProducts.jsx, 
D:/SikhStreet_UI/sikhSTREET_UI/frontend/src/modules/Vendor/pages/products/ProductForm.jsx, dynamic import will not 
move module into another chunk.
[39m
[33m
(!) Some chunks are larger than 1200 kB after minification. Consider:
- Using dynamic import() to code-split the application
- Use build.rollupOptions.output.manualChunks to improve chunking: 
https://rollupjs.org/configuration-options/#output-manualchunks
- Adjust chunk size limit for this warning via build.chunkSizeWarningLimit.[39m
